[demo.foxthemes.net/socialitev2.0/feed.html]
[demo.foxthemes.net/socialitev2.0/assets/images/favicon.png]
[backblue.gif]
[fade.gif]
[index.html]
[demo.foxthemes.net/socialitev2.0/assets/scss/icons.css]
[demo.foxthemes.net/socialitev2.0/assets/css/style.css]
[demo.foxthemes.net/socialitev2.0/assets/css/icons.css]
[demo.foxthemes.net/socialitev2.0/homepage.html]
[demo.foxthemes.net/socialitev2.0/assets/images/logo.png]
[demo.foxthemes.net/socialitev2.0/assets/images/logo-mobile.png]
[demo.foxthemes.net/socialitev2.0/assets/images/avatars/avatar-4.jpg]
[demo.foxthemes.net/socialitev2.0/assets/images/group/group-2.jpg]
[demo.foxthemes.net/socialitev2.0/assets/images/group/group-4.jpg]
[demo.foxthemes.net/socialitev2.0/assets/images/group/group-5.jpg]
[demo.foxthemes.net/socialitev2.0/assets/images/product/2.jpg]
[demo.foxthemes.net/socialitev2.0/assets/images/product/13.jpg]
[demo.foxthemes.net/socialitev2.0/assets/images/product/15.jpg]
[demo.foxthemes.net/socialitev2.0/assets/images/product/14.jpg]
[demo.foxthemes.net/socialitev2.0/assets/images/product/9.jpg]
[demo.foxthemes.net/socialitev2.0/assets/images/avatars/avatar-1.jpg]
[demo.foxthemes.net/socialitev2.0/assets/images/avatars/avatar-2.jpg]
[demo.foxthemes.net/socialitev2.0/assets/images/avatars/avatar-3.jpg]
[demo.foxthemes.net/socialitev2.0/assets/images/avatars/avatar-7.jpg]
[demo.foxthemes.net/socialitev2.0/assets/images/avatars/avatar-6.jpg]
[demo.foxthemes.net/socialitev2.0/assets/images/avatars/avatar-5.jpg]
[demo.foxthemes.net/socialitev2.0/page-setting.html]
[demo.foxthemes.net/socialitev2.0/group-feed.html]
[demo.foxthemes.net/socialitev2.0/assets/images/logo-icon.png]
[demo.foxthemes.net/socialitev2.0/pages.html]
[demo.foxthemes.net/socialitev2.0/videos.html]
[demo.foxthemes.net/socialitev2.0/groups.html]
[demo.foxthemes.net/socialitev2.0/courses.html]
[demo.foxthemes.net/socialitev2.0/jobs.html]
[demo.foxthemes.net/socialitev2.0/blogs.html]
[demo.foxthemes.net/socialitev2.0/products.html]
[demo.foxthemes.net/socialitev2.0/events.html]
[demo.foxthemes.net/socialitev2.0/albums.html]
[demo.foxthemes.net/socialitev2.0/games.html]
[demo.foxthemes.net/socialitev2.0/forums.html]
[demo.foxthemes.net/socialitev2.0/dashboard-manage-jobs.html]
[demo.foxthemes.net/socialitev2.0/dashboard-manage-candidates.html]
[demo.foxthemes.net/socialitev2.0/dashboard-post-a-job.html]
[demo.foxthemes.net/socialitev2.0/assets/images/avatars/avatar-lg-1.jpg]
[demo.foxthemes.net/socialitev2.0/assets/images/avatars/avatar-lg-2.jpg]
[demo.foxthemes.net/socialitev2.0/assets/images/avatars/avatar-lg-3.jpg]
[demo.foxthemes.net/socialitev2.0/assets/images/avatars/avatar-lg-4.jpg]
[demo.foxthemes.net/socialitev2.0/assets/images/post/img-3.jpg]
[demo.foxthemes.net/socialitev2.0/assets/images/icons/gift-icon.png]
[demo.foxthemes.net/socialitev2.0/assets/images/avatars/avatar-8.jpg]
[demo.foxthemes.net/socialitev2.0/assets/js/jquery-3.3.1.min.js]
[demo.foxthemes.net/socialitev2.0/assets/js/uikit.js]
[demo.foxthemes.net/socialitev2.0/assets/js/simplebar.js]
[demo.foxthemes.net/socialitev2.0/assets/js/custom.js]
[demo.foxthemes.net/socialitev2.0/assets/js/bootstrap-select.min.js]
[unpkg.com/ionicons@5.2.3/dist/ionicons.js]
[demo.foxthemes.net/socialitev2.0/feed.html]
[demo.foxthemes.net/socialitev2.0/assets/scss/icons.html]
[demo.foxthemes.net/socialitev2.0/assets/css/style.css]
[demo.foxthemes.net/socialitev2.0/assets/fonts/Feather-Iconse198.woff]
[demo.foxthemes.net/socialitev2.0/assets/fonts/Feather-Iconse198.svg]
[demo.foxthemes.net/socialitev2.0/assets/fonts/Brand-Icons036a.ttf]
[demo.foxthemes.net/socialitev2.0/assets/fonts/Brand-Icons036a.woff]
[demo.foxthemes.net/socialitev2.0/assets/fonts/Brand-Icons036a.svg]
[demo.foxthemes.net/socialitev2.0/assets/fonts/unicons.eot]
[demo.foxthemes.net/socialitev2.0/assets/fonts/unicons.ttf]
[demo.foxthemes.net/socialitev2.0/assets/css/icons.css]
[demo.foxthemes.net/socialitev2.0/homepage.html]
[demo.foxthemes.net/socialitev2.0/assets/fonts/unicons.svg]
[demo.foxthemes.net/socialitev2.0/page-setting.html]
[demo.foxthemes.net/socialitev2.0/group-feed.html]
[demo.foxthemes.net/socialitev2.0/assets/images/logo-icon.html]
[demo.foxthemes.net/socialitev2.0/timeline.html]
[demo.foxthemes.net/socialitev2.0/pages.html]
[demo.foxthemes.net/socialitev2.0/timeline-page.html]
[demo.foxthemes.net/socialitev2.0/video-watch.html]
[demo.foxthemes.net/socialitev2.0/assets/images/video/img-2.png]
[demo.foxthemes.net/socialitev2.0/assets/images/icon-play.svg]
[demo.foxthemes.net/socialitev2.0/assets/images/video/img-3.png]
[demo.foxthemes.net/socialitev2.0/assets/images/video/img-5.png]
[demo.foxthemes.net/socialitev2.0/assets/images/video/img-6.png]
[demo.foxthemes.net/socialitev2.0/assets/images/video/img-4.png]
[demo.foxthemes.net/socialitev2.0/assets/images/video/img-1.png]
[demo.foxthemes.net/socialitev2.0/videos.html]
[demo.foxthemes.net/socialitev2.0/assets/images/group/group-cover-1.jpg]
[demo.foxthemes.net/socialitev2.0/assets/images/group/group-cover-2.jpg]
[demo.foxthemes.net/socialitev2.0/assets/images/events/img-2.jpg]
[demo.foxthemes.net/socialitev2.0/assets/images/group/group-cover-4.jpg]
[demo.foxthemes.net/socialitev2.0/assets/images/category/travel.jpg]
[demo.foxthemes.net/socialitev2.0/assets/images/category/business.jpg]
[demo.foxthemes.net/socialitev2.0/assets/images/category/science-and-tech.jpg]
[demo.foxthemes.net/socialitev2.0/assets/images/category/Buy-and-sell.jpg]
[demo.foxthemes.net/socialitev2.0/assets/images/group/group-3.jpg]
[demo.foxthemes.net/socialitev2.0/assets/images/group/group-1.jpg]
[demo.foxthemes.net/socialitev2.0/groups.html]
[demo.foxthemes.net/socialitev2.0/course-intro.html]
[demo.foxthemes.net/socialitev2.0/assets/images/courses/img-1.jpg]
[demo.foxthemes.net/socialitev2.0/assets/images/courses/img-2.jpg]
[demo.foxthemes.net/socialitev2.0/assets/images/courses/img-3.jpg]
[demo.foxthemes.net/socialitev2.0/assets/images/courses/img-4.jpg]
[demo.foxthemes.net/socialitev2.0/assets/images/courses/img-5.jpg]
[demo.foxthemes.net/socialitev2.0/courses.html]
[demo.foxthemes.net/socialitev2.0/job-details.html]
[demo.foxthemes.net/socialitev2.0/assets/images/brand/brand-avatar-4.png]
[demo.foxthemes.net/socialitev2.0/assets/images/brand/brand-avatar-3.png]
[demo.foxthemes.net/socialitev2.0/assets/images/brand/brand-avatar-1.png]
[demo.foxthemes.net/socialitev2.0/assets/images/brand/brand-avatar-2.png]
[demo.foxthemes.net/socialitev2.0/jobs.html]
[demo.foxthemes.net/socialitev2.0/blog-read.html]
[demo.foxthemes.net/socialitev2.0/assets/images/blog/img-4.jpg]
[demo.foxthemes.net/socialitev2.0/assets/images/blog/img-1.jpg]
[demo.foxthemes.net/socialitev2.0/assets/images/blog/img-2.jpg]
[demo.foxthemes.net/socialitev2.0/assets/images/blog/img-3.jpg]
[demo.foxthemes.net/socialitev2.0/blogs.html]
[demo.foxthemes.net/socialitev2.0/assets/images/product/1.jpg]
[demo.foxthemes.net/socialitev2.0/assets/images/product/4.jpg]
[demo.foxthemes.net/socialitev2.0/products.html]
[demo.foxthemes.net/socialitev2.0/timeline-event.html]
[demo.foxthemes.net/socialitev2.0/assets/images/events/img-4.jpg]
[demo.foxthemes.net/socialitev2.0/assets/images/events/listing-1.jpg]
[demo.foxthemes.net/socialitev2.0/assets/images/events/listing-2.jpg]
[demo.foxthemes.net/socialitev2.0/assets/images/events/listing-4.jpg]
[demo.foxthemes.net/socialitev2.0/assets/images/events/listing-5.jpg]
[demo.foxthemes.net/socialitev2.0/events.html]
[demo.foxthemes.net/socialitev2.0/assets/images/post/img-1.jpg]
[demo.foxthemes.net/socialitev2.0/albums.html]
[demo.foxthemes.net/socialitev2.0/assets/images/games/img-1.jpg]
[demo.foxthemes.net/socialitev2.0/assets/images/games/img-4.jpg]
[demo.foxthemes.net/socialitev2.0/assets/images/games/img-2.jpg]
[demo.foxthemes.net/socialitev2.0/assets/images/games/img-lg-1.jpg]
[demo.foxthemes.net/socialitev2.0/assets/images/games/img-lg-2.jpg]
[demo.foxthemes.net/socialitev2.0/assets/images/games/img-lg-3.jpg]
[demo.foxthemes.net/socialitev2.0/games.html]
[demo.foxthemes.net/socialitev2.0/forums.html]
[demo.foxthemes.net/socialitev2.0/dashboard-manage-jobs.html]
[demo.foxthemes.net/socialitev2.0/dashboard-manage-candidates.html]
[demo.foxthemes.net/socialitev2.0/dashboard-post-a-job.html]
[demo.foxthemes.net/socialitev2.0/assets/images/post/img-4.jpg]
[demo.foxthemes.net/socialitev2.0/assets/images/post/img-2.jpg]
[demo.foxthemes.net/socialitev2.0/assets/js/jquery-3.3.1.min.js]
[demo.foxthemes.net/socialitev2.0/assets/js/uikit.js]
[demo.foxthemes.net/socialitev2.0/assets/js/simplebar.js]
[demo.foxthemes.net/socialitev2.0/assets/js/custom.js]
[demo.foxthemes.net/socialitev2.0/assets/js/bootstrap-select.min.js]
[demo.foxthemes.net/socialitev2.0/assets/fonts/Feather-Iconse198.ttf]
[demo.foxthemes.net/socialitev2.0/assets/fonts/Feather-Iconse198.svg]
[demo.foxthemes.net/socialitev2.0/assets/fonts/Brand-Icons036a.svg]
[demo.foxthemes.net/socialitev2.0/assets/fonts/unicons.woff]
[demo.foxthemes.net/socialitev2.0/assets/fonts/unicons.svg]
[demo.foxthemes.net/socialitev2.0/timeline.html]
[demo.foxthemes.net/socialitev2.0/timeline-page.html]
[demo.foxthemes.net/socialitev2.0/video-watch.html]
[demo.foxthemes.net/socialitev2.0/assets/images/icon-play.svg]
[demo.foxthemes.net/socialitev2.0/assets/images/group/group-cover-3.jpg]
[demo.foxthemes.net/socialitev2.0/timeline-group.html]
[demo.foxthemes.net/socialitev2.0/assets/images/category/health.jpg]
[demo.foxthemes.net/socialitev2.0/course-intro.html]
[demo.foxthemes.net/socialitev2.0/job-details.html]
[demo.foxthemes.net/socialitev2.0/blog-read.html]
[demo.foxthemes.net/socialitev2.0/assets/images/product/12.jpg]
[demo.foxthemes.net/socialitev2.0/assets/images/events/img-3.jpg]
[demo.foxthemes.net/socialitev2.0/timeline-event.html]
[demo.foxthemes.net/socialitev2.0/assets/images/games/img-3.jpg]
[demo.foxthemes.net/socialitev2.0/@tag-dev.html]
[demo.foxthemes.net/socialitev2.0/timeline-group.html]
[demo.foxthemes.net/socialitev2.0/@tag-dev.html]
[demo.foxthemes.net/socialitev2.0/assets/images/avatars/profile-cover.jpg]
[demo.foxthemes.net/socialitev2.0/assets/images/events/listing-3.jpg]
[demo.foxthemes.net/socialitev2.0/assets/images/blog/img-5.jpg]
[demo.foxthemes.net/socialitev2.0/assets/images/blog/img-5.jpg]
